// Jest Snapshot v1, https://goo.gl/fbAQLP

exports[`Left bar can be used when:  [FRAGILE] assigns classes 1`] = `
<DocumentFragment>
  <div
    class="left-bar visible"
  >
    <div>
      A
    </div>
    <div>
      B
    </div>
  </div>
</DocumentFragment>
`;
