// Jest Snapshot v1, https://goo.gl/fbAQLP

exports[`Code can be used when:  assigns class names for code component 1`] = `
<DocumentFragment>
  <div
    class="code my-class"
  >
    <div
      class="cm-editor ͼ1 ͼ3 ͼ4 ͼo"
    >
      <div
        aria-live="polite"
        style="position: fixed; top: -10000px;"
      />
      <div
        class="cm-scroller"
        tabindex="-1"
      >
        <div
          aria-hidden="true"
          class="cm-gutters"
          style="min-height: 350px; position: sticky;"
        >
          <div
            class="cm-gutter cm-lineNumbers"
          >
            <div
              class="cm-gutterElement"
              style="height: 0px; visibility: hidden; pointer-events: none;"
            >
              99
            </div>
            <div
              class="cm-gutterElement cm-activeLineGutter"
              style="height: 14px;"
            >
              1
            </div>
            <div
              class="cm-gutterElement"
              style="height: 14px;"
            >
              2
            </div>
            <div
              class="cm-gutterElement"
              style="height: 14px;"
            >
              3
            </div>
            <div
              class="cm-gutterElement"
              style="height: 14px;"
            >
              4
            </div>
            <div
              class="cm-gutterElement"
              style="height: 14px;"
            >
              5
            </div>
            <div
              class="cm-gutterElement"
              style="height: 14px;"
            >
              6
            </div>
            <div
              class="cm-gutterElement"
              style="height: 14px;"
            >
              7
            </div>
            <div
              class="cm-gutterElement"
              style="height: 14px;"
            >
              8
            </div>
            <div
              class="cm-gutterElement"
              style="height: 14px;"
            >
              9
            </div>
            <div
              class="cm-gutterElement"
              style="height: 14px;"
            >
              10
            </div>
            <div
              class="cm-gutterElement"
              style="height: 14px;"
            >
              11
            </div>
            <div
              class="cm-gutterElement"
              style="height: 14px;"
            >
              12
            </div>
            <div
              class="cm-gutterElement"
              style="height: 14px;"
            >
              13
            </div>
            <div
              class="cm-gutterElement"
              style="height: 14px;"
            >
              14
            </div>
            <div
              class="cm-gutterElement"
              style="height: 14px;"
            >
              15
            </div>
            <div
              class="cm-gutterElement"
              style="height: 14px;"
            >
              16
            </div>
            <div
              class="cm-gutterElement"
              style="height: 14px;"
            >
              17
            </div>
            <div
              class="cm-gutterElement"
              style="height: 14px;"
            >
              18
            </div>
            <div
              class="cm-gutterElement"
              style="height: 14px;"
            >
              19
            </div>
            <div
              class="cm-gutterElement"
              style="height: 14px;"
            >
              20
            </div>
            <div
              class="cm-gutterElement"
              style="height: 14px;"
            >
              21
            </div>
            <div
              class="cm-gutterElement"
              style="height: 14px;"
            >
              22
            </div>
            <div
              class="cm-gutterElement"
              style="height: 14px;"
            >
              23
            </div>
            <div
              class="cm-gutterElement"
              style="height: 14px;"
            >
              24
            </div>
            <div
              class="cm-gutterElement"
              style="height: 14px;"
            >
              25
            </div>
          </div>
          <div
            class="cm-gutter cm-foldGutter"
          >
            <div
              class="cm-gutterElement"
              style="height: 0px; visibility: hidden; pointer-events: none;"
            >
              <span
                title="Unfold line"
              >
                ›
              </span>
            </div>
            <div
              class="cm-gutterElement cm-activeLineGutter"
              style="height: 14px;"
            />
            <div
              class="cm-gutterElement"
              style="height: 14px; margin-top: 28px;"
            >
              <span
                title="Fold line"
              >
                ⌄
              </span>
            </div>
            <div
              class="cm-gutterElement"
              style="height: 14px; margin-top: 14px;"
            >
              <span
                title="Fold line"
              >
                ⌄
              </span>
            </div>
            <div
              class="cm-gutterElement"
              style="height: 14px; margin-top: 70px;"
            >
              <span
                title="Fold line"
              >
                ⌄
              </span>
            </div>
            <div
              class="cm-gutterElement"
              style="height: 14px;"
            >
              <span
                title="Fold line"
              >
                ⌄
              </span>
            </div>
            <div
              class="cm-gutterElement"
              style="height: 14px;"
            >
              <span
                title="Fold line"
              >
                ⌄
              </span>
            </div>
            <div
              class="cm-gutterElement"
              style="height: 14px;"
            >
              <span
                title="Fold line"
              >
                ⌄
              </span>
            </div>
          </div>
        </div>
        <div
          aria-autocomplete="list"
          aria-multiline="true"
          autocapitalize="off"
          autocorrect="off"
          class="cm-content"
          contenteditable="true"
          data-language="javascript"
          role="textbox"
          spellcheck="false"
          style="tab-size: 4"
          translate="no"
        >
          <div
            class="cm-activeLine cm-line"
          >
              
            <span
              class="ͼp"
            >
              const
            </span>
             
            <span
              class="ͼw"
            >
              {
            </span>
             
            <span
              class="ͼq"
            >
              mergeConfig
            </span>
             
            <span
              class="ͼw"
            >
              }
            </span>
             
            <span
              class="ͼ10"
            >
              =
            </span>
             
            <span
              class="ͼs"
            >
              require
            </span>
            (
            <span
              class="ͼ17"
            >
              'vite'
            </span>
            )
            <span
              class="ͼv"
            >
              ;
            </span>
          </div>
          <div
            class="cm-line"
          >
              
            <span
              class="ͼp"
            >
              const
            </span>
             
            <span
              class="ͼr"
            >
              viteTsConfigPaths
            </span>
             
            <span
              class="ͼ10"
            >
              =
            </span>
             
            <span
              class="ͼs"
            >
              require
            </span>
            (
            <span
              class="ͼ17"
            >
              'vite-tsconfig-paths'
            </span>
            )
            <span
              class="ͼ10"
            >
              .
            </span>
            <span
              class="ͼq"
            >
              default
            </span>
            <span
              class="ͼv"
            >
              ;
            </span>
          </div>
          <div
            class="cm-line"
          >
              
          </div>
          <div
            class="cm-line"
          >
              
            <span
              class="ͼr"
            >
              module
            </span>
            <span
              class="ͼ10"
            >
              .
            </span>
            <span
              class="ͼq"
            >
              exports
            </span>
             
            <span
              class="ͼ10"
            >
              =
            </span>
             
            <span
              class="ͼw"
            >
              {
            </span>
          </div>
          <div
            class="cm-line"
          >
                
            <span
              class="ͼq"
            >
              core
            </span>
            : 
            <span
              class="ͼw"
            >
              {
            </span>
             
            <span
              class="ͼq"
            >
              builder
            </span>
            : 
            <span
              class="ͼ17"
            >
              '@storybook/builder-vite'
            </span>
             
            <span
              class="ͼw"
            >
              }
            </span>
            <span
              class="ͼv"
            >
              ,
            </span>
          </div>
          <div
            class="cm-line"
          >
                
            <span
              class="ͼq"
            >
              stories
            </span>
            : 
            <span
              class="ͼ12"
            >
              [
            </span>
          </div>
          <div
            class="cm-line"
          >
                  
            <span
              class="ͼ17"
            >
              '../src/lib/**/*.stories.mdx'
            </span>
            <span
              class="ͼv"
            >
              ,
            </span>
          </div>
          <div
            class="cm-line"
          >
                  
            <span
              class="ͼ17"
            >
              '../src/lib/**/*.stories.@(js|jsx|ts|tsx)'
            </span>
            <span
              class="ͼv"
            >
              ,
            </span>
          </div>
          <div
            class="cm-line"
          >
                
            <span
              class="ͼ12"
            >
              ]
            </span>
            <span
              class="ͼv"
            >
              ,
            </span>
          </div>
          <div
            class="cm-line"
          >
                
            <span
              class="ͼq"
            >
              addons
            </span>
            : 
            <span
              class="ͼ12"
            >
              [
            </span>
            <span
              class="ͼ17"
            >
              '@storybook/addon-essentials'
            </span>
            <span
              class="ͼ12"
            >
              ]
            </span>
            <span
              class="ͼv"
            >
              ,
            </span>
          </div>
          <div
            class="cm-line"
          >
                
            <span
              class="ͼq"
            >
              staticDirs
            </span>
            : 
            <span
              class="ͼ12"
            >
              [
            </span>
            <span
              class="ͼw"
            >
              {
            </span>
             
            <span
              class="ͼq"
            >
              from
            </span>
            : 
            <span
              class="ͼ17"
            >
              '../../../assets'
            </span>
            <span
              class="ͼv"
            >
              ,
            </span>
             
            <span
              class="ͼq"
            >
              to
            </span>
            : 
            <span
              class="ͼ17"
            >
              '/'
            </span>
             
            <span
              class="ͼw"
            >
              }
            </span>
            <span
              class="ͼ12"
            >
              ]
            </span>
            <span
              class="ͼv"
            >
              ,
            </span>
          </div>
          <div
            class="cm-line"
          >
                
            <span
              class="ͼy"
            >
              async
            </span>
             
            <span
              class="ͼq"
            >
              viteFinal
            </span>
            (
            <span
              class="ͼr"
            >
              config
            </span>
            <span
              class="ͼv"
            >
              ,
            </span>
             
            <span
              class="ͼw"
            >
              {
            </span>
             
            <span
              class="ͼq"
            >
              configType
            </span>
             
            <span
              class="ͼw"
            >
              }
            </span>
            ) 
            <span
              class="ͼw"
            >
              {
            </span>
          </div>
          <div
            class="cm-line"
          >
                  
            <span
              class="ͼp"
            >
              return
            </span>
             
            <span
              class="ͼs"
            >
              mergeConfig
            </span>
            (
            <span
              class="ͼr"
            >
              config
            </span>
            <span
              class="ͼv"
            >
              ,
            </span>
             
            <span
              class="ͼw"
            >
              {
            </span>
          </div>
          <div
            class="cm-line"
          >
                    
            <span
              class="ͼq"
            >
              plugins
            </span>
            : 
            <span
              class="ͼ12"
            >
              [
            </span>
          </div>
          <div
            class="cm-line"
          >
                      
            <span
              class="ͼs"
            >
              viteTsConfigPaths
            </span>
            (
            <span
              class="ͼw"
            >
              {
            </span>
          </div>
          <div
            class="cm-line"
          >
                        
            <span
              class="ͼq"
            >
              root
            </span>
            : 
            <span
              class="ͼ17"
            >
              '../../../'
            </span>
            <span
              class="ͼv"
            >
              ,
            </span>
          </div>
          <div
            class="cm-line"
          >
                      
            <span
              class="ͼw"
            >
              }
            </span>
            )
            <span
              class="ͼv"
            >
              ,
            </span>
          </div>
          <div
            class="cm-line"
          >
                    
            <span
              class="ͼ12"
            >
              ]
            </span>
            <span
              class="ͼv"
            >
              ,
            </span>
          </div>
          <div
            class="cm-line"
          >
                  
            <span
              class="ͼw"
            >
              }
            </span>
            )
            <span
              class="ͼv"
            >
              ;
            </span>
          </div>
          <div
            class="cm-line"
          >
                
            <span
              class="ͼw"
            >
              }
            </span>
            <span
              class="ͼv"
            >
              ,
            </span>
          </div>
          <div
            class="cm-line"
          >
              
            <span
              class="ͼw"
            >
              }
            </span>
            <span
              class="ͼv"
            >
              ;
            </span>
          </div>
          <div
            class="cm-line"
          >
              
          </div>
          <div
            class="cm-line"
          >
              
            <span
              class="ͼ1b"
            >
              // To customize your Vite configuration you can use the viteFinal field.
            </span>
          </div>
          <div
            class="cm-line"
          >
              
            <span
              class="ͼ1b"
            >
              // Check https://storybook.js.org/docs/react/builders/vite#configuration
            </span>
          </div>
          <div
            class="cm-line"
          >
              
            <span
              class="ͼ1b"
            >
              // and https://nx.dev/packages/storybook/documents/custom-builder-configs
            </span>
          </div>
        </div>
        <div
          aria-hidden="true"
          class="cm-layer cm-layer-above cm-cursorLayer"
          style="z-index: 150; animation-duration: 1200ms;"
        />
        <div
          aria-hidden="true"
          class="cm-layer cm-selectionLayer"
          style="z-index: -2;"
        />
      </div>
    </div>
  </div>
</DocumentFragment>
`;
