// Jest Snapshot v1, https://goo.gl/fbAQLP

exports[`Chips can be used when:  [FRAGILE] assigns classes 1`] = `
<DocumentFragment>
  <div
    class="sc-bcXHqe eAlyos chips my-class"
  >
    <button
      class="sc-gswNZR bgsBVt chip active chip1"
    >
      Chip1
    </button>
    <button
      class="sc-gswNZR bgsBVt chip active chip2"
    >
      Chip2
    </button>
  </div>
</DocumentFragment>
`;
